// Jest Snapshot v1, https://goo.gl/fbAQLP

exports[`Search page:  Search renders correctrly 1`] = `
<div
  className="search"
>
  <Connect(Header)
    showSearch={true}
  />
  <NoteTab
    bookId={4}
    handleClick={[Function]}
    id={6}
    key="6"
    name="benchmark leading-edge Colorado"
    text="Velit corporis autem aspernatur. Fugit suscipit quae dolor occaecati atque eveniet nihil molestias id. Quas sit veniam voluptas optio. Itaque harum aperiam perferendis qui ex. Totam asperiores tenetur. Aut error incidunt molestiae eaque hic impedit.
 
Quia mollitia in maxime. Esse earum sequi consequatur odio tempore. Aperiam illum fugiat porro ea dolorem vel assumenda ullam pariatur. Ut error voluptas. Recusandae eligendi unde tempora deleniti nemo delectus.
 
Dolorum quibusdam possimus velit voluptatibus atque. Expedita rem error ad reiciendis quia iusto. Modi deleniti numquam quo rem eum placeat reiciendis illo ea. Porro consectetur voluptates quae. Minus odit at et optio quibusdam adipisci. Dolorem vel doloribus."
  />
  <NoteTab
    bookId={4}
    handleClick={[Function]}
    id={7}
    key="7"
    name="HDD array"
    text="Dolor rerum ipsam quis velit. Non laborum quia qui. Illo et autem quidem.
 
Eos qui distinctio distinctio voluptate voluptas nemo mollitia esse. Optio at voluptates earum. Labore consequatur et quia tempora voluptatibus sint. Consequuntur voluptas vitae aut quidem eum fugit est aperiam. Iusto architecto rerum reiciendis ea in aut cupiditate. Sunt praesentium nostrum aut aspernatur rerum.
 
Delectus ea quasi ad officia. Ea qui provident. Nihil eveniet iusto odit et."
  />
</div>
`;
